<?xml version="1.0" encoding="UTF-8"?>
<subsonic-response xmlns="http://subsonic.org/restapi" status="ok" version="1.16.1" type="rainy" serverVersion="dev" openSubsonic="true">
<artist id="86422198b5f6f2f7959989" name="The Rainy Days" coverArt="ar-86422198b5f6f2f7959989_loyw6080" albumCount="1" sortName="rainy days">
<album id="c0db094cc80c57d102eb1a" name="Wet Streets" artist="The Rainy Days" artistId="86422198b5f6f2f7959989" coverArt="al-c0db094cc80c57d102eb1a_loyw6080" songCount="2" duration="386" playCount="0" created="2023-11-14T22:13:20Z" starred="2023-11-14T22:16:40Z" year="2020" genre="Rock" displayArtist="The Rainy Days" sortName="wet streets" isCompilation="false">
<genres name="Rock"></genres>
<genres name="Indie"></genres>
<artists id="86422198b5f6f2f7959989" name="The Rainy Days"></artists>
</album></artist>
</subsonic-response>
