<?xml version="1.0" encoding="UTF-8"?>
<subsonic-response xmlns="http://subsonic.org/restapi" status="ok" version="1.16.1" type="rainy" serverVersion="dev" openSubsonic="true">
<album id="c0db094cc80c57d102eb1a" name="Wet Streets" artist="The Rainy Days" artistId="86422198b5f6f2f7959989" coverArt="al-c0db094cc80c57d102eb1a_loyw6080" songCount="2" duration="386" playCount="0" created="2023-11-14T22:13:20Z" starred="2023-11-14T22:16:40Z" year="2020" genre="Rock" displayArtist="The Rainy Days" sortName="wet streets" isCompilation="false">
<genres name="Rock"></genres>
<genres name="Indie"></genres>
<artists id="86422198b5f6f2f7959989" name="The Rainy Days"></artists>
<discTitles disc="1" title="Morning"></discTitles>
<song id="track1" parent="c0db094cc80c57d102eb1a" isDir="false" title="Rain Song" album="Wet Streets" artist="The Rainy Days" track="1" year="2020" genre="Rock" coverArt="al-c0db094cc80c57d102eb1a_loyw6080" size="4096" contentType="audio/mpeg" suffix="mp3" duration="185" bitRate="320" samplingRate="44100" channelCount="2" path="The Rainy Days/Wet Streets/01 Rain Song.mp3" isVideo="false" playCount="0" discNumber="1" created="2023-11-14T22:13:20Z" starred="2023-11-14T22:16:40Z" albumId="c0db094cc80c57d102eb1a" artistId="86422198b5f6f2f7959989" type="music" mediaType="song" bpm="120" comment="first" sortName="rain song" musicBrainzId="mbz-track-1" displayArtist="The Rainy Days" displayAlbumArtist="The Rainy Days" displayComposer="J. Doe">
<genres name="Rock"></genres>
<genres name="Indie"></genres>
<artists id="86422198b5f6f2f7959989" name="The Rainy Days"></artists>
<albumArtists id="86422198b5f6f2f7959989" name="The Rainy Days"></albumArtists>
<replayGain trackGain="-6.5" trackPeak="0.98"></replayGain>
</song>
<song id="track2" parent="c0db094cc80c57d102eb1a" isDir="false" title="Puddles" album="Wet Streets" artist="The Rainy Days" track="2" year="2020" genre="Rock" coverArt="al-c0db094cc80c57d102eb1a_loyw6080" size="5000" contentType="audio/mpeg" suffix="mp3" duration="201" bitRate="256" samplingRate="44100" channelCount="2" path="The Rainy Days/Wet Streets/02 Puddles.mp3" isVideo="false" userRating="5" playCount="0" discNumber="1" created="2023-11-14T22:13:20Z" albumId="c0db094cc80c57d102eb1a" artistId="86422198b5f6f2f7959989" type="music" mediaType="song" displayArtist="The Rainy Days" displayAlbumArtist="The Rainy Days">
<genres name="Rock"></genres>
<artists id="86422198b5f6f2f7959989" name="The Rainy Days"></artists>
<albumArtists id="86422198b5f6f2f7959989" name="The Rainy Days"></albumArtists>
<replayGain></replayGain>
</song></album>
</subsonic-response>
