<?xml version="1.0" encoding="UTF-8"?>
<subsonic-response xmlns="http://subsonic.org/restapi" status="ok" version="1.16.1" type="rainy" serverVersion="dev" openSubsonic="true">
<genres>
<genre songCount="1" albumCount="1">Ambient</genre>
<genre songCount="1" albumCount="1">Electronic</genre>
<genre songCount="2" albumCount="2">Indie</genre>
<genre songCount="2" albumCount="1">Rock</genre>
</genres></subsonic-response>
