{
  "subsonic-response": {
    "status": "ok",
    "version": "1.16.1",
    "type": "rainy",
    "serverVersion": "dev",
    "openSubsonic": true,
    "musicFolders": {
      "musicFolder": [
        {
          "id": 1,
          "name": "Music"
        },
        {
          "id": 2,
          "name": "Other"
        }
      ]
    }
  }
}
