{
  "subsonic-response": {
    "status": "ok",
    "version": "1.16.1",
    "type": "rainy",
    "serverVersion": "dev",
    "openSubsonic": true,
    "searchResult3": {
      "artist": [
        {
          "id": "ed907e0cacfadb483ac4c3",
          "name": "Northern Echo",
          "coverArt": "ar-ed907e0cacfadb483ac4c3_loyw6080",
          "albumCount": 1,
          "starred": "2023-11-14T22:16:40Z",
          "musicBrainzId": "",
          "sortName": "northern echo"
        },
        {
          "id": "86422198b5f6f2f7959989",
          "name": "The Rainy Days",
          "coverArt": "ar-86422198b5f6f2f7959989_loyw6080",
          "albumCount": 1,
          "musicBrainzId": "",
          "sortName": "rainy days"
        },
        {
          "id": "e28e553d820de296502d0f",
          "name": "Static Noise",
          "coverArt": "ar-e28e553d820de296502d0f_loyw6080",
          "albumCount": 1,
          "musicBrainzId": "",
          "sortName": "static noise"
        }
      ],
      "album": [
        {
          "id": "8a4598b16b581b9fb5e6ee",
          "name": "Far",
          "artist": "Static Noise",
          "artistId": "e28e553d820de296502d0f",
          "coverArt": "al-8a4598b16b581b9fb5e6ee_loyw6080",
          "songCount": 1,
          "duration": 100,
          "playCount": 0,
          "created": "2023-11-14T22:13:22Z",
          "year": 2022,
          "genre": "Electronic",
          "userRating": 0,
          "musicBrainzId": "",
          "genres": [
            {
              "name": "Electronic"
            }
          ],
          "artists": [
            {
              "id": "e28e553d820de296502d0f",
              "name": "Static Noise"
            }
          ],
          "displayArtist": "Static Noise",
          "sortName": "far",
          "isCompilation": false,
          "discTitles": []
        },
        {
          "id": "8171e3e4a01d1e3130f5c1",
          "name": "Skies",
          "artist": "Northern Echo",
          "artistId": "ed907e0cacfadb483ac4c3",
          "coverArt": "al-8171e3e4a01d1e3130f5c1_loyw6080",
          "songCount": 1,
          "duration": 301,
          "playCount": 0,
          "created": "2023-11-14T22:13:21Z",
          "year": 2018,
          "genre": "Ambient",
          "userRating": 4,
          "musicBrainzId": "",
          "genres": [
            {
              "name": "Ambient"
            },
            {
              "name": "Indie"
            }
          ],
          "artists": [
            {
              "id": "ed907e0cacfadb483ac4c3",
              "name": "Northern Echo"
            }
          ],
          "displayArtist": "Northern Echo",
          "sortName": "skies",
          "isCompilation": false,
          "discTitles": []
        },
        {
          "id": "c0db094cc80c57d102eb1a",
          "name": "Wet Streets",
          "artist": "The Rainy Days",
          "artistId": "86422198b5f6f2f7959989",
          "coverArt": "al-c0db094cc80c57d102eb1a_loyw6080",
          "songCount": 2,
          "duration": 386,
          "playCount": 0,
          "created": "2023-11-14T22:13:20Z",
          "starred": "2023-11-14T22:16:40Z",
          "year": 2020,
          "genre": "Rock",
          "userRating": 0,
          "musicBrainzId": "",
          "genres": [
            {
              "name": "Rock"
            },
            {
              "name": "Indie"
            }
          ],
          "artists": [
            {
              "id": "86422198b5f6f2f7959989",
              "name": "The Rainy Days"
            }
          ],
          "displayArtist": "The Rainy Days",
          "sortName": "wet streets",
          "isCompilation": false,
          "discTitles": []
        }
      ],
      "song": [
        {
          "id": "track3",
          "parent": "8171e3e4a01d1e3130f5c1",
          "isDir": false,
          "title": "Clouds",
          "album": "Skies",
          "artist": "Northern Echo",
          "track": 1,
          "year": 2018,
          "genre": "Ambient",
          "coverArt": "al-8171e3e4a01d1e3130f5c1_loyw6080",
          "size": 30000,
          "contentType": "audio/flac",
          "suffix": "flac",
          "duration": 301,
          "bitRate": 1411,
          "bitDepth": 24,
          "samplingRate": 96000,
          "channelCount": 2,
          "path": "Northern Echo/Skies/01 Clouds.flac",
          "isVideo": false,
          "playCount": 0,
          "discNumber": 1,
          "created": "2023-11-14T22:13:21Z",
          "albumId": "8171e3e4a01d1e3130f5c1",
          "artistId": "ed907e0cacfadb483ac4c3",
          "type": "music",
          "mediaType": "song",
          "bpm": 0,
          "comment": "",
          "sortName": "",
          "musicBrainzId": "",
          "genres": [
            {
              "name": "Ambient"
            },
            {
              "name": "Indie"
            }
          ],
          "artists": [
            {
              "id": "ed907e0cacfadb483ac4c3",
              "name": "Northern Echo"
            }
          ],
          "displayArtist": "Northern Echo",
          "albumArtists": [
            {
              "id": "ed907e0cacfadb483ac4c3",
              "name": "Northern Echo"
            }
          ],
          "displayAlbumArtist": "Northern Echo",
          "displayComposer": "",
          "moods": [],
          "replayGain": {}
        },
        {
          "id": "track4",
          "parent": "8a4598b16b581b9fb5e6ee",
          "isDir": false,
          "title": "Elsewhere",
          "album": "Far",
          "artist": "Static Noise",
          "track": 1,
          "year": 2022,
          "genre": "Electronic",
          "coverArt": "al-8a4598b16b581b9fb5e6ee_loyw6080",
          "size": 9000,
          "contentType": "audio/ogg",
          "suffix": "ogg",
          "duration": 100,
          "bitRate": 160,
          "bitDepth": 0,
          "samplingRate": 48000,
          "channelCount": 2,
          "path": "Static Noise/Far/01 Elsewhere.ogg",
          "isVideo": false,
          "playCount": 0,
          "discNumber": 1,
          "created": "2023-11-14T22:13:22Z",
          "albumId": "8a4598b16b581b9fb5e6ee",
          "artistId": "e28e553d820de296502d0f",
          "type": "music",
          "mediaType": "song",
          "bpm": 0,
          "comment": "",
          "sortName": "",
          "musicBrainzId": "",
          "genres": [
            {
              "name": "Electronic"
            }
          ],
          "artists": [
            {
              "id": "e28e553d820de296502d0f",
              "name": "Static Noise"
            }
          ],
          "displayArtist": "Static Noise",
          "albumArtists": [
            {
              "id": "e28e553d820de296502d0f",
              "name": "Static Noise"
            }
          ],
          "displayAlbumArtist": "Static Noise",
          "displayComposer": "",
          "moods": [],
          "replayGain": {}
        },
        {
          "id": "track2",
          "parent": "c0db094cc80c57d102eb1a",
          "isDir": false,
          "title": "Puddles",
          "album": "Wet Streets",
          "artist": "The Rainy Days",
          "track": 2,
          "year": 2020,
          "genre": "Rock",
          "coverArt": "al-c0db094cc80c57d102eb1a_loyw6080",
          "size": 5000,
          "contentType": "audio/mpeg",
          "suffix": "mp3",
          "duration": 201,
          "bitRate": 256,
          "bitDepth": 0,
          "samplingRate": 44100,
          "channelCount": 2,
          "path": "The Rainy Days/Wet Streets/02 Puddles.mp3",
          "isVideo": false,
          "userRating": 5,
          "playCount": 0,
          "discNumber": 1,
          "created": "2023-11-14T22:13:20Z",
          "albumId": "c0db094cc80c57d102eb1a",
          "artistId": "86422198b5f6f2f7959989",
          "type": "music",
          "mediaType": "song",
          "bpm": 0,
          "comment": "",
          "sortName": "",
          "musicBrainzId": "",
          "genres": [
            {
              "name": "Rock"
            }
          ],
          "artists": [
            {
              "id": "86422198b5f6f2f7959989",
              "name": "The Rainy Days"
            }
          ],
          "displayArtist": "The Rainy Days",
          "albumArtists": [
            {
              "id": "86422198b5f6f2f7959989",
              "name": "The Rainy Days"
            }
          ],
          "displayAlbumArtist": "The Rainy Days",
          "displayComposer": "",
          "moods": [],
          "replayGain": {}
        },
        {
          "id": "track1",
          "parent": "c0db094cc80c57d102eb1a",
          "isDir": false,
          "title": "Rain Song",
          "album": "Wet Streets",
          "artist": "The Rainy Days",
          "track": 1,
          "year": 2020,
          "genre": "Rock",
          "coverArt": "al-c0db094cc80c57d102eb1a_loyw6080",
          "size": 4096,
          "contentType": "audio/mpeg",
          "suffix": "mp3",
          "duration": 185,
          "bitRate": 320,
          "bitDepth": 0,
          "samplingRate": 44100,
          "channelCount": 2,
          "path": "The Rainy Days/Wet Streets/01 Rain Song.mp3",
          "isVideo": false,
          "playCount": 0,
          "discNumber": 1,
          "created": "2023-11-14T22:13:20Z",
          "starred": "2023-11-14T22:16:40Z",
          "albumId": "c0db094cc80c57d102eb1a",
          "artistId": "86422198b5f6f2f7959989",
          "type": "music",
          "mediaType": "song",
          "bpm": 120,
          "comment": "first",
          "sortName": "rain song",
          "musicBrainzId": "mbz-track-1",
          "genres": [
            {
              "name": "Rock"
            },
            {
              "name": "Indie"
            }
          ],
          "artists": [
            {
              "id": "86422198b5f6f2f7959989",
              "name": "The Rainy Days"
            }
          ],
          "displayArtist": "The Rainy Days",
          "albumArtists": [
            {
              "id": "86422198b5f6f2f7959989",
              "name": "The Rainy Days"
            }
          ],
          "displayAlbumArtist": "The Rainy Days",
          "displayComposer": "J. Doe",
          "moods": [],
          "replayGain": {
            "trackGain": -6.5,
            "trackPeak": 0.98
          }
        }
      ]
    }
  }
}
